// Jest Snapshot v1, https://goo.gl/fbAQLP

exports[`App Component renders correctly 1`] = `
<div
  className="App"
>
  <div
    className="header bg-dark px-2 my-0 d-flex justify-content-between align-items-center"
  >
    <h4
      className="text-center text-white pt-1 mb-3"
    >
      <i
        className="fas fa-chalkboard-teacher"
      />
       
      Course Tracker
    </h4>
    <button
      className="d-none"
      onClick={[Function]}
      type="button"
    >
       
      <i
        className="fas fa-power-off text-white"
      />
    </button>
  </div>
  <div
    className="logincont"
  >
    <div
      className="bg-white mx-auto p-2 rounded loginitem"
    >
      <h5
        className="text-center bg-info py-2 text-white mb-3 rounded"
      >
        Login with email and password
      </h5>
      <form
        onSubmit={[Function]}
      >
        <div
          className="form-group text-left"
        >
          <input
            className="form-control"
            id="username"
            onChange={[Function]}
            placeholder="Enter username"
            type="text"
          />
        </div>
        <div
          className="form-group text-left"
        >
          <input
            className="form-control"
            id="password"
            onChange={[Function]}
            placeholder="Password"
            type="password"
          />
        </div>
        <button
          className="btn btn-info w-100"
          type="submit"
        >
          Login
        </button>
      </form>
      <div
        className="signupinfo text-right"
      >
        <p
          className="tagline"
        >
          Dont have an account?
        </p>
        <a
          className="nav-link m-0 bg-danger w-25 ml-auto text-center text-white tagbtn"
          href="/signup"
          onClick={[Function]}
        >
          Signup
        </a>
      </div>
    </div>
  </div>
</div>
`;
